#-----------------------------------------------------------
# PlanAhead v14.7
# Build 321239 by xbuild on Fri Sep 27 19:31:35 MDT 2013
# Start of session at: Fri Nov 25 19:54:37 2022
# Process ID: 3388
# Log file: C:/.Xilinx/Test/counter0_9/planAhead_run_2/planAhead.log
# Journal file: C:/.Xilinx/Test/counter0_9/planAhead_run_2/planAhead.jou
#-----------------------------------------------------------
start_gui
source C:/.Xilinx/Test/counter0_9/pa.fromHdl.tcl
update_compile_order -fileset sim_1
startgroup
set_property package_pin P41 [get_ports a_P41]
endgroup
startgroup
set_property package_pin P40 [get_ports b_P40]
endgroup
startgroup
set_property package_pin P47 [get_ports button_P47]
endgroup
startgroup
set_property package_pin P35 [get_ports c_P35]
endgroup
startgroup
set_property package_pin P34 [get_ports d_P34]
endgroup
startgroup
set_property package_pin P32 [get_ports e_P32]
endgroup
startgroup
set_property package_pin P29 [get_ports f_P29]
endgroup
startgroup
set_property package_pin P27 [get_ports g_P27]
endgroup
save_constraints
