Release 14.7 - xst P.20131013 (nt64)
Copyright (c) 1995-2013 Xilinx, Inc.  All rights reserved.
--> Parameter TMPDIR set to xst/projnav.tmp


Total REAL time to Xst completion: 0.00 secs
Total CPU time to Xst completion: 0.15 secs
 
--> Parameter xsthdpdir set to xst


Total REAL time to Xst completion: 0.00 secs
Total CPU time to Xst completion: 0.15 secs
 
--> Reading design: Test0077.prj

TABLE OF CONTENTS
  1) Synthesis Options Summary
  2) HDL Parsing
  3) HDL Elaboration
  4) HDL Synthesis
       4.1) HDL Synthesis Report
  5) Advanced HDL Synthesis
       5.1) Advanced HDL Synthesis Report
  6) Low Level Synthesis
  7) Partition Report
  8) Design Summary
       8.1) Primitive and Black Box Usage
       8.2) Device utilization summary
       8.3) Partition Resource Summary
       8.4) Timing Report
            8.4.1) Clock Information
            8.4.2) Asynchronous Control Signals Information
            8.4.3) Timing Summary
            8.4.4) Timing Details
            8.4.5) Cross Clock Domains Report


=========================================================================
*                      Synthesis Options Summary                        *
=========================================================================
---- Source Parameters
Input File Name                    : "Test0077.prj"
Ignore Synthesis Constraint File   : NO

---- Target Parameters
Output File Name                   : "Test0077"
Output Format                      : NGC
Target Device                      : xc6slx9-3-tqg144

---- Source Options
Top Module Name                    : Test0077
Automatic FSM Extraction           : YES
FSM Encoding Algorithm             : Auto
Safe Implementation                : No
FSM Style                          : LUT
RAM Extraction                     : Yes
RAM Style                          : Auto
ROM Extraction                     : Yes
Shift Register Extraction          : YES
ROM Style                          : Auto
Resource Sharing                   : YES
Asynchronous To Synchronous        : NO
Shift Register Minimum Size        : 2
Use DSP Block                      : Auto
Automatic Register Balancing       : No

---- Target Options
LUT Combining                      : Auto
Reduce Control Sets                : Auto
Add IO Buffers                     : YES
Global Maximum Fanout              : 100000
Add Generic Clock Buffer(BUFG)     : 16
Register Duplication               : YES
Optimize Instantiated Primitives   : NO
Use Clock Enable                   : Auto
Use Synchronous Set                : Auto
Use Synchronous Reset              : Auto
Pack IO Registers into IOBs        : Auto
Equivalent register Removal        : YES

---- General Options
Optimization Goal                  : Speed
Optimization Effort                : 1
Power Reduction                    : NO
Keep Hierarchy                     : No
Netlist Hierarchy                  : As_Optimized
RTL Output                         : Yes
Global Optimization                : AllClockNets
Read Cores                         : YES
Write Timing Constraints           : NO
Cross Clock Analysis               : NO
Hierarchy Separator                : /
Bus Delimiter                      : <>
Case Specifier                     : Maintain
Slice Utilization Ratio            : 100
BRAM Utilization Ratio             : 100
DSP48 Utilization Ratio            : 100
Auto BRAM Packing                  : NO
Slice Utilization Ratio Delta      : 5

=========================================================================


=========================================================================
*                          HDL Parsing                                  *
=========================================================================
Analyzing Verilog file "C:\Users\DreaMxickZen\Desktop\Test_6_00-77_Han2\Test_00_77\Sevenseg.vf" into library work
Parsing module <OR6_HXILINX_Sevenseg>.
Parsing module <OR7_HXILINX_Sevenseg>.
Parsing module <Sevenseg>.
Analyzing Verilog file "C:\Users\DreaMxickZen\Desktop\Test_6_00-77_Han2\Test_00_77\MuxA_D_CLK.vf" into library work
Parsing module <M2_1_HXILINX_MuxA_D_CLK>.
Parsing module <MuxA_D_CLK>.
Analyzing Verilog file "C:\Users\DreaMxickZen\Desktop\Test_6_00-77_Han2\Test_00_77\FFFFISNH.vf" into library work
Parsing module <FJKC_HXILINX_FFFFISNH>.
Parsing module <FFFFISNH>.
Analyzing Verilog file "C:\Users\DreaMxickZen\Desktop\Test_6_00-77_Han2\Test_00_77\Counter_0_to_7.vf" into library work
Parsing module <CD4CE_HXILINX_Counter_0_to_7>.
Parsing module <Counter_0_to_7>.
Analyzing Verilog file "C:\Users\DreaMxickZen\Desktop\Test_6_00-77_Han2\Test_00_77\commonset.vf" into library work
Parsing module <commonset>.
Analyzing Verilog file "C:\Users\DreaMxickZen\Desktop\Test_6_00-77_Han2\Test_00_77\Test0077.vf" into library work
Parsing module <OR6_HXILINX_Test0077>.
Parsing module <OR7_HXILINX_Test0077>.
Parsing module <CD4CE_HXILINX_Test0077>.
Parsing module <FJKC_HXILINX_Test0077>.
Parsing module <D2_4E_HXILINX_Test0077>.
Parsing module <M2_1_HXILINX_Test0077>.
Parsing module <AND7_HXILINX_Test0077>.
Parsing module <Sevenseg_MUSER_Test0077>.
Parsing module <commonset_MUSER_Test0077>.
Parsing module <MuxA_D_CLK_MUSER_Test0077>.
Parsing module <FFFFISNH_MUSER_Test0077>.
Parsing module <Counter_0_to_7_MUSER_Test0077>.
Parsing module <Test0077>.
Parsing VHDL file "C:\Users\DreaMxickZen\Desktop\Test_6_00-77_Han2\Test_00_77\DIVIDER60.vhd" into library work
Parsing entity <DIVIDER60>.
Parsing architecture <RTL> of entity <divider60>.
Parsing VHDL file "C:\Users\DreaMxickZen\Desktop\Test_6_00-77_Han2\Test_00_77\DIVIDER25.vhd" into library work
Parsing entity <DIVIDER25>.
Parsing architecture <RTL> of entity <divider25>.
Parsing VHDL file "C:\Users\DreaMxickZen\Desktop\Test_6_00-77_Han2\Test_00_77\DIVIDER10.vhd" into library work
Parsing entity <DIVIDER10>.
Parsing architecture <RTL> of entity <divider10>.

=========================================================================
*                            HDL Elaboration                            *
=========================================================================

Elaborating module <Test0077>.

Elaborating module <Counter_0_to_7_MUSER_Test0077>.

Elaborating module <CD4CE_HXILINX_Test0077>.
WARNING:HDLCompiler:413 - "C:\Users\DreaMxickZen\Desktop\Test_6_00-77_Han2\Test_00_77\Test0077.vf" Line 95: Result of 5-bit expression is truncated to fit in 4-bit target.

Elaborating module <AND4>.

Elaborating module <INV>.

Elaborating module <OR2>.

Elaborating module <FFFFISNH_MUSER_Test0077>.

Elaborating module <FJKC_HXILINX_Test0077>.

Elaborating module <AND2>.

Elaborating module <AND3>.

Elaborating module <VCC>.

Elaborating module <AND2B1>.
Going to vhdl side to elaborate module DIVIDER10

Elaborating entity <DIVIDER10> (architecture <RTL>) with generics from library <work>.
Back to verilog to continue elaboration
Going to vhdl side to elaborate module DIVIDER25

Elaborating entity <DIVIDER25> (architecture <RTL>) with generics from library <work>.
Back to verilog to continue elaboration

Elaborating module <MuxA_D_CLK_MUSER_Test0077>.

Elaborating module <M2_1_HXILINX_Test0077>.

Elaborating module <GND>.
Going to vhdl side to elaborate module DIVIDER60

Elaborating entity <DIVIDER60> (architecture <RTL>) with generics from library <work>.
Back to verilog to continue elaboration

Elaborating module <D2_4E_HXILINX_Test0077>.
Going to vhdl side to elaborate module DIVIDER60

Elaborating entity <DIVIDER60> (architecture <RTL>) with generics from library <work>.
WARNING:HDLCompiler:758 - "C:\Users\DreaMxickZen\Desktop\Test_6_00-77_Han2\Test_00_77\DIVIDER60.vhd" Line 3: Replacing existing netlist DIVIDER60(RTL)
Back to verilog to continue elaboration

Elaborating module <commonset_MUSER_Test0077>.

Elaborating module <Sevenseg_MUSER_Test0077>.

Elaborating module <AND2B2>.

Elaborating module <AND3B1>.

Elaborating module <AND3B2>.

Elaborating module <OR6_HXILINX_Test0077>.

Elaborating module <AND3B3>.

Elaborating module <OR5>.

Elaborating module <OR4>.

Elaborating module <OR7_HXILINX_Test0077>.

Elaborating module <AND4B4>.

Elaborating module <AND4B3>.

Elaborating module <AND4B2>.

Elaborating module <AND7_HXILINX_Test0077>.

=========================================================================
*                           HDL Synthesis                               *
=========================================================================

Synthesizing Unit <Test0077>.
    Related source file is "C:\Users\DreaMxickZen\Desktop\Test_6_00-77_Han2\Test_00_77\Test0077.vf".
    Set property "HU_SET = XLXI_8_13" for instance <XLXI_8>.
    Set property "HU_SET = XLXI_33_14" for instance <XLXI_33>.
INFO:Xst:3210 - "C:\Users\DreaMxickZen\Desktop\Test_6_00-77_Han2\Test_00_77\Test0077.vf" line 757: Output port <TC> of the instance <XLXI_1> is unconnected or connected to loadless signal.
INFO:Xst:3210 - "C:\Users\DreaMxickZen\Desktop\Test_6_00-77_Han2\Test_00_77\Test0077.vf" line 792: Output port <D2> of the instance <XLXI_8> is unconnected or connected to loadless signal.
INFO:Xst:3210 - "C:\Users\DreaMxickZen\Desktop\Test_6_00-77_Han2\Test_00_77\Test0077.vf" line 792: Output port <D3> of the instance <XLXI_8> is unconnected or connected to loadless signal.
INFO:Xst:3210 - "C:\Users\DreaMxickZen\Desktop\Test_6_00-77_Han2\Test_00_77\Test0077.vf" line 803: Output port <ComGnd0> of the instance <XLXI_12> is unconnected or connected to loadless signal.
INFO:Xst:3210 - "C:\Users\DreaMxickZen\Desktop\Test_6_00-77_Han2\Test_00_77\Test0077.vf" line 803: Output port <ComGnd1> of the instance <XLXI_12> is unconnected or connected to loadless signal.
INFO:Xst:3210 - "C:\Users\DreaMxickZen\Desktop\Test_6_00-77_Han2\Test_00_77\Test0077.vf" line 803: Output port <ComGnd2> of the instance <XLXI_12> is unconnected or connected to loadless signal.
INFO:Xst:3210 - "C:\Users\DreaMxickZen\Desktop\Test_6_00-77_Han2\Test_00_77\Test0077.vf" line 803: Output port <ComGnd3> of the instance <XLXI_12> is unconnected or connected to loadless signal.
INFO:Xst:3210 - "C:\Users\DreaMxickZen\Desktop\Test_6_00-77_Han2\Test_00_77\Test0077.vf" line 803: Output port <ComVcc0> of the instance <XLXI_12> is unconnected or connected to loadless signal.
INFO:Xst:3210 - "C:\Users\DreaMxickZen\Desktop\Test_6_00-77_Han2\Test_00_77\Test0077.vf" line 803: Output port <ComVcc1> of the instance <XLXI_12> is unconnected or connected to loadless signal.
    Summary:
	no macro.
Unit <Test0077> synthesized.

Synthesizing Unit <Counter_0_to_7_MUSER_Test0077>.
    Related source file is "C:\Users\DreaMxickZen\Desktop\Test_6_00-77_Han2\Test_00_77\Test0077.vf".
    Set property "HU_SET = XLXI_4_12" for instance <XLXI_4>.
INFO:Xst:3210 - "C:\Users\DreaMxickZen\Desktop\Test_6_00-77_Han2\Test_00_77\Test0077.vf" line 666: Output port <CEO> of the instance <XLXI_4> is unconnected or connected to loadless signal.
    Summary:
	no macro.
Unit <Counter_0_to_7_MUSER_Test0077> synthesized.

Synthesizing Unit <CD4CE_HXILINX_Test0077>.
    Related source file is "C:\Users\DreaMxickZen\Desktop\Test_6_00-77_Han2\Test_00_77\Test0077.vf".
        TERMINAL_COUNT = 4'b1001
    Found 1-bit register for signal <Q1>.
    Found 1-bit register for signal <Q2>.
    Found 1-bit register for signal <Q3>.
    Found 1-bit register for signal <Q0>.
    Found 4-bit adder for signal <Q3_GND_3_o_add_4_OUT> created at line 95.
    Summary:
	inferred   1 Adder/Subtractor(s).
	inferred   4 D-type flip-flop(s).
	inferred   7 Multiplexer(s).
Unit <CD4CE_HXILINX_Test0077> synthesized.

Synthesizing Unit <FFFFISNH_MUSER_Test0077>.
    Related source file is "C:\Users\DreaMxickZen\Desktop\Test_6_00-77_Han2\Test_00_77\Test0077.vf".
    Set property "HU_SET = XLXI_1_8" for instance <XLXI_1>.
    Set property "HU_SET = XLXI_2_9" for instance <XLXI_2>.
    Set property "HU_SET = XLXI_3_10" for instance <XLXI_3>.
    Set property "HU_SET = XLXI_4_11" for instance <XLXI_4>.
    Summary:
	no macro.
Unit <FFFFISNH_MUSER_Test0077> synthesized.

Synthesizing Unit <FJKC_HXILINX_Test0077>.
    Related source file is "C:\Users\DreaMxickZen\Desktop\Test_6_00-77_Han2\Test_00_77\Test0077.vf".
        INIT = 1'b0
    Found 1-bit register for signal <Q>.
    Summary:
	inferred   1 D-type flip-flop(s).
	inferred   2 Multiplexer(s).
Unit <FJKC_HXILINX_Test0077> synthesized.

Synthesizing Unit <DIVIDER10>.
    Related source file is "C:\Users\DreaMxickZen\Desktop\Test_6_00-77_Han2\Test_00_77\DIVIDER10.vhd".
        fin = 20000000
        fout = 10
    Found 1-bit register for signal <qs>.
    Found 20-bit register for signal <COUNT>.
    Found 20-bit adder for signal <COUNT[19]_GND_15_o_add_1_OUT> created at line 23.
    Found 20-bit comparator greater for signal <n0000> created at line 19
    Summary:
	inferred   1 Adder/Subtractor(s).
	inferred  21 D-type flip-flop(s).
	inferred   1 Comparator(s).
Unit <DIVIDER10> synthesized.

Synthesizing Unit <DIVIDER25>.
    Related source file is "C:\Users\DreaMxickZen\Desktop\Test_6_00-77_Han2\Test_00_77\DIVIDER25.vhd".
        fin = 20000000
        fout = 100
    Found 1-bit register for signal <qs>.
    Found 17-bit register for signal <COUNT>.
    Found 17-bit adder for signal <COUNT[16]_GND_16_o_add_1_OUT> created at line 23.
    Found 17-bit comparator greater for signal <n0000> created at line 19
    Summary:
	inferred   1 Adder/Subtractor(s).
	inferred  18 D-type flip-flop(s).
	inferred   1 Comparator(s).
Unit <DIVIDER25> synthesized.

Synthesizing Unit <MuxA_D_CLK_MUSER_Test0077>.
    Related source file is "C:\Users\DreaMxickZen\Desktop\Test_6_00-77_Han2\Test_00_77\Test0077.vf".
    Set property "HU_SET = XLXI_1_4" for instance <XLXI_1>.
    Set property "HU_SET = XLXI_2_5" for instance <XLXI_2>.
    Set property "HU_SET = XLXI_3_6" for instance <XLXI_3>.
    Set property "HU_SET = XLXI_4_7" for instance <XLXI_4>.
    Summary:
	no macro.
Unit <MuxA_D_CLK_MUSER_Test0077> synthesized.

Synthesizing Unit <M2_1_HXILINX_Test0077>.
    Related source file is "C:\Users\DreaMxickZen\Desktop\Test_6_00-77_Han2\Test_00_77\Test0077.vf".
    Summary:
	inferred   1 Multiplexer(s).
Unit <M2_1_HXILINX_Test0077> synthesized.

Synthesizing Unit <DIVIDER60>.
    Related source file is "C:\Users\DreaMxickZen\Desktop\Test_6_00-77_Han2\Test_00_77\DIVIDER60.vhd".
        fin = 20000000
        fout = 200
    Found 1-bit register for signal <qs>.
    Found 16-bit register for signal <COUNT>.
    Found 16-bit adder for signal <COUNT[15]_GND_22_o_add_1_OUT> created at line 23.
    Found 16-bit comparator greater for signal <n0000> created at line 19
    Summary:
	inferred   1 Adder/Subtractor(s).
	inferred  17 D-type flip-flop(s).
	inferred   1 Comparator(s).
Unit <DIVIDER60> synthesized.

Synthesizing Unit <D2_4E_HXILINX_Test0077>.
    Related source file is "C:\Users\DreaMxickZen\Desktop\Test_6_00-77_Han2\Test_00_77\Test0077.vf".
    Summary:
	inferred   4 Multiplexer(s).
Unit <D2_4E_HXILINX_Test0077> synthesized.

Synthesizing Unit <commonset_MUSER_Test0077>.
    Related source file is "C:\Users\DreaMxickZen\Desktop\Test_6_00-77_Han2\Test_00_77\Test0077.vf".
    Summary:
	no macro.
Unit <commonset_MUSER_Test0077> synthesized.

Synthesizing Unit <Sevenseg_MUSER_Test0077>.
    Related source file is "C:\Users\DreaMxickZen\Desktop\Test_6_00-77_Han2\Test_00_77\Test0077.vf".
    Set property "HU_SET = XLXI_7_0" for instance <XLXI_7>.
    Set property "HU_SET = XLXI_15_1" for instance <XLXI_15>.
    Set property "HU_SET = XLXI_46_2" for instance <XLXI_46>.
    Set property "HU_SET = XLXI_57_3" for instance <XLXI_57>.
    Summary:
	no macro.
Unit <Sevenseg_MUSER_Test0077> synthesized.

Synthesizing Unit <OR6_HXILINX_Test0077>.
    Related source file is "C:\Users\DreaMxickZen\Desktop\Test_6_00-77_Han2\Test_00_77\Test0077.vf".
    Summary:
	no macro.
Unit <OR6_HXILINX_Test0077> synthesized.

Synthesizing Unit <OR7_HXILINX_Test0077>.
    Related source file is "C:\Users\DreaMxickZen\Desktop\Test_6_00-77_Han2\Test_00_77\Test0077.vf".
    Summary:
	no macro.
Unit <OR7_HXILINX_Test0077> synthesized.

Synthesizing Unit <AND7_HXILINX_Test0077>.
    Related source file is "C:\Users\DreaMxickZen\Desktop\Test_6_00-77_Han2\Test_00_77\Test0077.vf".
    Summary:
	no macro.
Unit <AND7_HXILINX_Test0077> synthesized.

=========================================================================
HDL Synthesis Report

Macro Statistics
# Adders/Subtractors                                   : 5
 16-bit adder                                          : 2
 17-bit adder                                          : 1
 20-bit adder                                          : 1
 4-bit adder                                           : 1
# Registers                                            : 16
 1-bit register                                        : 12
 16-bit register                                       : 2
 17-bit register                                       : 1
 20-bit register                                       : 1
# Comparators                                          : 4
 16-bit comparator greater                             : 2
 17-bit comparator greater                             : 1
 20-bit comparator greater                             : 1
# Multiplexers                                         : 23
 1-bit 2-to-1 multiplexer                              : 23

=========================================================================

=========================================================================
*                       Advanced HDL Synthesis                          *
=========================================================================


Synthesizing (advanced) Unit <DIVIDER10>.
The following registers are absorbed into counter <COUNT>: 1 register on signal <COUNT>.
Unit <DIVIDER10> synthesized (advanced).

Synthesizing (advanced) Unit <DIVIDER25>.
The following registers are absorbed into counter <COUNT>: 1 register on signal <COUNT>.
Unit <DIVIDER25> synthesized (advanced).

Synthesizing (advanced) Unit <DIVIDER60>.
The following registers are absorbed into counter <COUNT>: 1 register on signal <COUNT>.
Unit <DIVIDER60> synthesized (advanced).

=========================================================================
Advanced HDL Synthesis Report

Macro Statistics
# Adders/Subtractors                                   : 1
 4-bit adder                                           : 1
# Counters                                             : 4
 16-bit up counter                                     : 2
 17-bit up counter                                     : 1
 20-bit up counter                                     : 1
# Registers                                            : 12
 Flip-Flops                                            : 12
# Comparators                                          : 4
 16-bit comparator greater                             : 2
 17-bit comparator greater                             : 1
 20-bit comparator greater                             : 1
# Multiplexers                                         : 19
 1-bit 2-to-1 multiplexer                              : 19

=========================================================================

=========================================================================
*                         Low Level Synthesis                           *
=========================================================================
WARNING:Xst:1989 - Unit <Test0077>: instances <XLXI_7>, <XLXI_10> of unit <DIVIDER60> are equivalent, second instance is removed

Optimizing unit <FFFFISNH_MUSER_Test0077> ...

Optimizing unit <Sevenseg_MUSER_Test0077> ...

Optimizing unit <XLXI_5/XLXI_1> ...

Optimizing unit <XLXI_5/XLXI_2> ...

Optimizing unit <XLXI_5/XLXI_3> ...

Optimizing unit <XLXI_5/XLXI_4> ...

Optimizing unit <Test0077> ...

Optimizing unit <CD4CE_HXILINX_Test0077> ...

Optimizing unit <FJKC_HXILINX_Test0077> ...

Optimizing unit <D2_4E_HXILINX_Test0077> ...

Optimizing unit <AND7_HXILINX_Test0077> ...

Optimizing unit <OR6_HXILINX_Test0077> ...

Optimizing unit <OR7_HXILINX_Test0077> ...
INFO:Xst:2261 - The FF/Latch <XLXI_3/COUNT_0> in Unit <Test0077> is equivalent to the following 2 FFs/Latches, which will be removed : <XLXI_4/COUNT_0> <XLXI_7/COUNT_0> 
INFO:Xst:2261 - The FF/Latch <XLXI_3/COUNT_1> in Unit <Test0077> is equivalent to the following 2 FFs/Latches, which will be removed : <XLXI_4/COUNT_1> <XLXI_7/COUNT_1> 
INFO:Xst:2261 - The FF/Latch <XLXI_3/COUNT_2> in Unit <Test0077> is equivalent to the following 2 FFs/Latches, which will be removed : <XLXI_4/COUNT_2> <XLXI_7/COUNT_2> 
INFO:Xst:2261 - The FF/Latch <XLXI_3/COUNT_3> in Unit <Test0077> is equivalent to the following 2 FFs/Latches, which will be removed : <XLXI_4/COUNT_3> <XLXI_7/COUNT_3> 
INFO:Xst:2261 - The FF/Latch <XLXI_3/COUNT_4> in Unit <Test0077> is equivalent to the following FF/Latch, which will be removed : <XLXI_4/COUNT_4> 

Mapping all equations...
Building and optimizing final netlist ...
Found area constraint ratio of 100 (+ 5) on block Test0077, actual ratio is 1.

Final Macro Processing ...

=========================================================================
Final Register Report

Macro Statistics
# Registers                                            : 55
 Flip-Flops                                            : 55

=========================================================================

=========================================================================
*                           Partition Report                            *
=========================================================================

Partition Implementation Status
-------------------------------

  No Partitions were found in this design.

-------------------------------

=========================================================================
*                            Design Summary                             *
=========================================================================

Top Level Output File Name         : Test0077.ngc

Primitive and Black Box Usage:
------------------------------
# BELS                             : 257
#      AND2                        : 10
#      AND2B1                      : 9
#      AND2B2                      : 6
#      AND3                        : 2
#      AND3B1                      : 9
#      AND3B2                      : 8
#      AND3B3                      : 2
#      AND4                        : 1
#      AND4B2                      : 1
#      AND4B3                      : 3
#      AND4B4                      : 1
#      GND                         : 1
#      INV                         : 18
#      LUT1                        : 50
#      LUT2                        : 6
#      LUT3                        : 12
#      LUT4                        : 3
#      LUT5                        : 3
#      LUT6                        : 11
#      MUXCY                       : 50
#      OR2                         : 2
#      OR4                         : 1
#      OR5                         : 3
#      VCC                         : 1
#      XORCY                       : 44
# FlipFlops/Latches                : 55
#      FD                          : 3
#      FDC                         : 1
#      FDCE                        : 7
#      FDR                         : 44
# Clock Buffers                    : 1
#      BUFGP                       : 1
# IO Buffers                       : 14
#      IBUF                        : 2
#      OBUF                        : 12

Device utilization summary:
---------------------------

Selected Device : 6slx9tqg144-3 


Slice Logic Utilization: 
 Number of Slice Registers:              55  out of  11440     0%  
 Number of Slice LUTs:                  103  out of   5720     1%  
    Number used as Logic:               103  out of   5720     1%  

Slice Logic Distribution: 
 Number of LUT Flip Flop pairs used:    158
   Number with an unused Flip Flop:     103  out of    158    65%  
   Number with an unused LUT:            55  out of    158    34%  
   Number of fully used LUT-FF pairs:     0  out of    158     0%  
   Number of unique control sets:         9

IO Utilization: 
 Number of IOs:                          15
 Number of bonded IOBs:                  15  out of    102    14%  

Specific Feature Utilization:
 Number of BUFG/BUFGCTRLs:                1  out of     16     6%  

---------------------------
Partition Resource Summary:
---------------------------

  No Partitions were found in this design.

---------------------------


=========================================================================
Timing Report

NOTE: THESE TIMING NUMBERS ARE ONLY A SYNTHESIS ESTIMATE.
      FOR ACCURATE TIMING INFORMATION PLEASE REFER TO THE TRACE REPORT
      GENERATED AFTER PLACE-and-ROUTE.

Clock Information:
------------------
-----------------------------------+-------------------------+-------+
Clock Signal                       | Clock buffer(FF name)   | Load  |
-----------------------------------+-------------------------+-------+
OSC                                | BUFGP                   | 47    |
XLXI_3/qs                          | NONE(XLXI_1/XLXI_4/Q3)  | 4     |
XLXI_2/XLXN_10(XLXI_2/XLXI_19:O)   | NONE(*)(XLXI_2/XLXI_4/Q)| 4     |
-----------------------------------+-------------------------+-------+
(*) This 1 clock signal(s) are generated by combinatorial logic,
and XST is not able to identify which are the primary clock signals.
Please use the CLOCK_SIGNAL constraint to specify the clock signal(s) generated by combinatorial logic.
INFO:Xst:2169 - HDL ADVISOR - Some clock signals were not automatically buffered by XST with BUFG/BUFR resources. Please use the buffer_type constraint in order to insert these buffers to the clock signals to help prevent skew problems.

Asynchronous Control Signals Information:
----------------------------------------
No asynchronous control signals found in this design

Timing Summary:
---------------
Speed Grade: -3

   Minimum period: 6.300ns (Maximum Frequency: 158.724MHz)
   Minimum input arrival time before clock: 4.666ns
   Maximum output required time after clock: 8.244ns
   Maximum combinational path delay: 6.830ns

Timing Details:
---------------
All values displayed in nanoseconds (ns)

=========================================================================
Timing constraint: Default period analysis for Clock 'OSC'
  Clock period: 4.838ns (frequency: 206.714MHz)
  Total number of paths / destination ports: 1329 / 91
-------------------------------------------------------------------------
Delay:               4.838ns (Levels of Logic = 3)
  Source:            XLXI_3/COUNT_6 (FF)
  Destination:       XLXI_3/COUNT_0 (FF)
  Source Clock:      OSC rising
  Destination Clock: OSC rising

  Data Path: XLXI_3/COUNT_6 to XLXI_3/COUNT_0
                                Gate     Net
    Cell:in->out      fanout   Delay   Delay  Logical Name (Net Name)
    ----------------------------------------  ------------
     FDR:C->Q              2   0.447   0.845  XLXI_3/COUNT_6 (XLXI_3/COUNT_6)
     LUT3:I0->O            1   0.205   0.808  XLXI_3/n0000_inv2 (XLXI_3/n0000_inv2)
     LUT6:I3->O            1   0.205   0.580  XLXI_3/n0000_inv4 (XLXI_3/n0000_inv4)
     LUT5:I4->O           21   0.205   1.113  XLXI_3/n0000_inv5 (XLXI_3/n0000_inv)
     FDR:R                     0.430          XLXI_3/COUNT_0
    ----------------------------------------
    Total                      4.838ns (1.492ns logic, 3.346ns route)
                                       (30.8% logic, 69.2% route)

=========================================================================
Timing constraint: Default period analysis for Clock 'XLXI_3/qs'
  Clock period: 5.943ns (frequency: 168.279MHz)
  Total number of paths / destination ports: 39 / 8
-------------------------------------------------------------------------
Delay:               5.943ns (Levels of Logic = 6)
  Source:            XLXI_1/XLXI_4/Q2 (FF)
  Destination:       XLXI_1/XLXI_4/Q3 (FF)
  Source Clock:      XLXI_3/qs rising
  Destination Clock: XLXI_3/qs rising

  Data Path: XLXI_1/XLXI_4/Q2 to XLXI_1/XLXI_4/Q3
                                Gate     Net
    Cell:in->out      fanout   Delay   Delay  Logical Name (Net Name)
    ----------------------------------------  ------------
     FDCE:C->Q             5   0.447   0.819  Q2 (Q2)
     end scope: 'XLXI_1/XLXI_4:Q2'
     begin scope: 'XLXI_33:I0'
     LUT2:I0->O            1   0.203   0.827  O_SW0 (N01)
     LUT6:I2->O            1   0.203   0.944  O (O)
     end scope: 'XLXI_33:O'
     OR2:I0->O             2   0.203   0.961  XLXI_34 (XLXN_97)
     OR2:I1->O             4   0.223   0.683  XLXI_1/XLXI_11 (XLXI_1/XLXN_43)
     begin scope: 'XLXI_1/XLXI_4:CLR'
     FDCE:CLR                  0.430          Q3
    ----------------------------------------
    Total                      5.943ns (1.709ns logic, 4.234ns route)
                                       (28.8% logic, 71.2% route)

=========================================================================
Timing constraint: Default period analysis for Clock 'XLXI_2/XLXN_10'
  Clock period: 6.300ns (frequency: 158.724MHz)
  Total number of paths / destination ports: 46 / 11
-------------------------------------------------------------------------
Delay:               6.300ns (Levels of Logic = 6)
  Source:            XLXI_2/XLXI_2/Q (FF)
  Destination:       XLXI_2/XLXI_4/Q (FF)
  Source Clock:      XLXI_2/XLXN_10 rising
  Destination Clock: XLXI_2/XLXN_10 rising

  Data Path: XLXI_2/XLXI_2/Q to XLXI_2/XLXI_4/Q
                                Gate     Net
    Cell:in->out      fanout   Delay   Delay  Logical Name (Net Name)
    ----------------------------------------  ------------
     FDCE:C->Q             9   0.447   0.829  Q (Q)
     end scope: 'XLXI_2/XLXI_2:Q'
     INV:I->O              1   0.568   0.808  XLXI_41 (XLXN_104)
     begin scope: 'XLXI_33:I4'
     LUT6:I3->O            1   0.205   0.944  O (O)
     end scope: 'XLXI_33:O'
     OR2:I0->O             2   0.203   0.981  XLXI_34 (XLXN_97)
     AND2:I0->O            4   0.203   0.683  XLXI_2/XLXI_25 (XLXI_2/XLXN_29)
     begin scope: 'XLXI_2/XLXI_4:CLR'
     FDC:CLR                   0.430          Q
    ----------------------------------------
    Total                      6.300ns (2.056ns logic, 4.244ns route)
                                       (32.6% logic, 67.4% route)

=========================================================================
Timing constraint: Default OFFSET IN BEFORE for Clock 'XLXI_3/qs'
  Total number of paths / destination ports: 8 / 8
-------------------------------------------------------------------------
Offset:              4.666ns (Levels of Logic = 4)
  Source:            P46 (PAD)
  Destination:       XLXI_1/XLXI_4/Q3 (FF)
  Destination Clock: XLXI_3/qs rising

  Data Path: P46 to XLXI_1/XLXI_4/Q3
                                Gate     Net
    Cell:in->out      fanout   Delay   Delay  Logical Name (Net Name)
    ----------------------------------------  ------------
     IBUF:I->O             1   1.222   0.924  P46_IBUF (P46_IBUF)
     OR2:I1->O             2   0.223   0.961  XLXI_34 (XLXN_97)
     OR2:I1->O             4   0.223   0.683  XLXI_1/XLXI_11 (XLXI_1/XLXN_43)
     begin scope: 'XLXI_1/XLXI_4:CLR'
     FDCE:CLR                  0.430          Q3
    ----------------------------------------
    Total                      4.666ns (2.098ns logic, 2.568ns route)
                                       (45.0% logic, 55.0% route)

=========================================================================
Timing constraint: Default OFFSET IN BEFORE for Clock 'XLXI_2/XLXN_10'
  Total number of paths / destination ports: 4 / 4
-------------------------------------------------------------------------
Offset:              4.666ns (Levels of Logic = 4)
  Source:            P46 (PAD)
  Destination:       XLXI_2/XLXI_4/Q (FF)
  Destination Clock: XLXI_2/XLXN_10 rising

  Data Path: P46 to XLXI_2/XLXI_4/Q
                                Gate     Net
    Cell:in->out      fanout   Delay   Delay  Logical Name (Net Name)
    ----------------------------------------  ------------
     IBUF:I->O             1   1.222   0.924  P46_IBUF (P46_IBUF)
     OR2:I1->O             2   0.223   0.981  XLXI_34 (XLXN_97)
     AND2:I0->O            4   0.203   0.683  XLXI_2/XLXI_25 (XLXI_2/XLXN_29)
     begin scope: 'XLXI_2/XLXI_4:CLR'
     FDC:CLR                   0.430          Q
    ----------------------------------------
    Total                      4.666ns (2.078ns logic, 2.588ns route)
                                       (44.5% logic, 55.5% route)

=========================================================================
Timing constraint: Default OFFSET OUT AFTER for Clock 'OSC'
  Total number of paths / destination ports: 100 / 9
-------------------------------------------------------------------------
Offset:              8.244ns (Levels of Logic = 7)
  Source:            XLXI_7/qs (FF)
  Destination:       P27 (PAD)
  Source Clock:      OSC rising

  Data Path: XLXI_7/qs to P27
                                Gate     Net
    Cell:in->out      fanout   Delay   Delay  Logical Name (Net Name)
    ----------------------------------------  ------------
     FD:C->Q               8   0.447   1.031  XLXI_7/qs (XLXI_7/qs)
     begin scope: 'XLXI_5/XLXI_2:S0'
     LUT3:I0->O           24   0.205   1.517  Mmux_O11 (O)
     end scope: 'XLXI_5/XLXI_2:O'
     AND2:I1->O            1   0.223   0.684  XLXI_13/XLXI_44 (XLXI_13/XLXN_59)
     begin scope: 'XLXI_13/XLXI_46:I1'
     LUT2:I0->O            1   0.203   0.580  O_SW0 (N01)
     LUT6:I5->O            1   0.205   0.579  O (O)
     end scope: 'XLXI_13/XLXI_46:O'
     OBUF:I->O                 2.571          P27_OBUF (P27)
    ----------------------------------------
    Total                      8.244ns (3.854ns logic, 4.390ns route)
                                       (46.7% logic, 53.3% route)

=========================================================================
Timing constraint: Default OFFSET OUT AFTER for Clock 'XLXI_3/qs'
  Total number of paths / destination ports: 72 / 7
-------------------------------------------------------------------------
Offset:              7.958ns (Levels of Logic = 8)
  Source:            XLXI_1/XLXI_4/Q1 (FF)
  Destination:       P27 (PAD)
  Source Clock:      XLXI_3/qs rising

  Data Path: XLXI_1/XLXI_4/Q1 to P27
                                Gate     Net
    Cell:in->out      fanout   Delay   Delay  Logical Name (Net Name)
    ----------------------------------------  ------------
     FDCE:C->Q             6   0.447   0.745  Q1 (Q1)
     end scope: 'XLXI_1/XLXI_4:Q1'
     begin scope: 'XLXI_5/XLXI_2:D1'
     LUT3:I2->O           24   0.205   1.517  Mmux_O11 (O)
     end scope: 'XLXI_5/XLXI_2:O'
     AND2:I1->O            1   0.223   0.684  XLXI_13/XLXI_44 (XLXI_13/XLXN_59)
     begin scope: 'XLXI_13/XLXI_46:I1'
     LUT2:I0->O            1   0.203   0.580  O_SW0 (N01)
     LUT6:I5->O            1   0.205   0.579  O (O)
     end scope: 'XLXI_13/XLXI_46:O'
     OBUF:I->O                 2.571          P27_OBUF (P27)
    ----------------------------------------
    Total                      7.958ns (3.854ns logic, 4.104ns route)
                                       (48.4% logic, 51.6% route)

=========================================================================
Timing constraint: Default OFFSET OUT AFTER for Clock 'XLXI_2/XLXN_10'
  Total number of paths / destination ports: 118 / 8
-------------------------------------------------------------------------
Offset:              8.206ns (Levels of Logic = 8)
  Source:            XLXI_2/XLXI_1/Q (FF)
  Destination:       P27 (PAD)
  Source Clock:      XLXI_2/XLXN_10 rising

  Data Path: XLXI_2/XLXI_1/Q to P27
                                Gate     Net
    Cell:in->out      fanout   Delay   Delay  Logical Name (Net Name)
    ----------------------------------------  ------------
     FDCE:C->Q            10   0.447   0.961  Q (Q)
     end scope: 'XLXI_2/XLXI_1:Q'
     begin scope: 'XLXI_5/XLXI_4:D0'
     LUT2:I0->O           26   0.203   1.571  Mmux_O11 (O)
     end scope: 'XLXI_5/XLXI_4:O'
     AND2:I0->O            1   0.203   0.684  XLXI_13/XLXI_44 (XLXI_13/XLXN_59)
     begin scope: 'XLXI_13/XLXI_46:I1'
     LUT2:I0->O            1   0.203   0.580  O_SW0 (N01)
     LUT6:I5->O            1   0.205   0.579  O (O)
     end scope: 'XLXI_13/XLXI_46:O'
     OBUF:I->O                 2.571          P27_OBUF (P27)
    ----------------------------------------
    Total                      8.206ns (3.832ns logic, 4.374ns route)
                                       (46.7% logic, 53.3% route)

=========================================================================
Timing constraint: Default path analysis
  Total number of paths / destination ports: 1 / 1
-------------------------------------------------------------------------
Delay:               6.830ns (Levels of Logic = 4)
  Source:            P47 (PAD)
  Destination:       P83 (PAD)

  Data Path: P47 to P83
                                Gate     Net
    Cell:in->out      fanout   Delay   Delay  Logical Name (Net Name)
    ----------------------------------------  ------------
     IBUF:I->O             6   1.222   0.744  P47_IBUF (P47_IBUF)
     INV:I->O              1   0.568   0.924  XLXI_24 (XLXN_79)
     AND2:I1->O            1   0.223   0.579  XLXI_22 (P83_OBUF)
     OBUF:I->O                 2.571          P83_OBUF (P83)
    ----------------------------------------
    Total                      6.830ns (4.584ns logic, 2.246ns route)
                                       (67.1% logic, 32.9% route)

=========================================================================

Cross Clock Domains Report:
--------------------------

Clock to Setup on destination clock OSC
---------------+---------+---------+---------+---------+
               | Src:Rise| Src:Fall| Src:Rise| Src:Fall|
Source Clock   |Dest:Rise|Dest:Rise|Dest:Fall|Dest:Fall|
---------------+---------+---------+---------+---------+
OSC            |    4.838|         |         |         |
---------------+---------+---------+---------+---------+

Clock to Setup on destination clock XLXI_2/XLXN_10
---------------+---------+---------+---------+---------+
               | Src:Rise| Src:Fall| Src:Rise| Src:Fall|
Source Clock   |Dest:Rise|Dest:Rise|Dest:Fall|Dest:Fall|
---------------+---------+---------+---------+---------+
XLXI_2/XLXN_10 |    6.300|         |         |         |
XLXI_3/qs      |    5.943|         |         |         |
---------------+---------+---------+---------+---------+

Clock to Setup on destination clock XLXI_3/qs
---------------+---------+---------+---------+---------+
               | Src:Rise| Src:Fall| Src:Rise| Src:Fall|
Source Clock   |Dest:Rise|Dest:Rise|Dest:Fall|Dest:Fall|
---------------+---------+---------+---------+---------+
XLXI_2/XLXN_10 |    6.300|         |         |         |
XLXI_3/qs      |    5.943|         |         |         |
---------------+---------+---------+---------+---------+

=========================================================================


Total REAL time to Xst completion: 4.00 secs
Total CPU time to Xst completion: 4.76 secs
 
--> 

Total memory usage is 4487644 kilobytes

Number of errors   :    0 (   0 filtered)
Number of warnings :    3 (   0 filtered)
Number of infos    :   16 (   0 filtered)

